#-----------------------------------------------------------
# Vivado v2019.2 (64-bit)
# SW Build 2708876 on Wed Nov  6 21:40:23 MST 2019
# IP Build 2700528 on Thu Nov  7 00:09:20 MST 2019
# Start of session at: Wed Nov 23 01:16:27 2022
# Process ID: 21192
# Current directory: C:/Users/jadha/OneDrive/Desktop/FPGA_Proj/Text_Editor/Text_Editor_Final_Proj/RVfpga/Vivado_Project_Files/TextEditor
# Command line: vivado.exe -gui_launcher_event rodinguilauncherevent33264 C:\Users\jadha\OneDrive\Desktop\FPGA_Proj\Text_Editor\Text_Editor_Final_Proj\RVfpga\Vivado_Project_Files\TextEditor\TextEditor.xpr
# Log file: C:/Users/jadha/OneDrive/Desktop/FPGA_Proj/Text_Editor/Text_Editor_Final_Proj/RVfpga/Vivado_Project_Files/TextEditor/vivado.log
# Journal file: C:/Users/jadha/OneDrive/Desktop/FPGA_Proj/Text_Editor/Text_Editor_Final_Proj/RVfpga/Vivado_Project_Files/TextEditor\vivado.jou
#-----------------------------------------------------------
start_gui
open_project C:/Users/jadha/OneDrive/Desktop/FPGA_Proj/Text_Editor/Text_Editor_Final_Proj/RVfpga/Vivado_Project_Files/TextEditor/TextEditor.xpr
update_compile_order -fileset sources_1
reset_run synth_1
launch_runs impl_1 -to_step write_bitstream -jobs 12
wait_on_run impl_1
reset_run synth_1
launch_runs impl_1 -to_step write_bitstream -jobs 12
wait_on_run impl_1
